// Jest Snapshot v1, https://goo.gl/fbAQLP

exports[`HomePage should match its reference snapshot 1`] = `
<Connect(withI18nextTranslation(HomePage))
  tracking={
    Object {
      "getTrackingData": [Function],
      "trackEvent": [Function],
    }
  }
/>
`;
