// Jest Snapshot v1, https://goo.gl/fbAQLP

exports[`<SuccessModal /> should match its reference snapshot 1`] = `
<Modal
  classe="success-modal text-center"
>
  <div
    id="svgContainer"
  />
  <h1>
    Succès !
  </h1>
  <p>
    Nous avons enregistré votre article avec succès.
  </p>
  <span
    className="change"
  >
    Cliquez sur le bouton ci-dessous pour le voir en contexte
  </span>
  <Row
    className="align-items-center"
    tag="div"
  >
    <Col
      className="mb-3 mb-xl-0"
      col="6"
      md="2"
      sm="4"
      tag="div"
      widths={
        Array [
          "xs",
          "sm",
          "md",
          "lg",
          "xl",
        ]
      }
      xl={true}
    >
      <Link
        replace={false}
        to="/article/undefined"
      >
        <Button
          block={true}
          className="btn-pill"
          color="success"
          outline={true}
          tag="button"
        >
          Ok
        </Button>
      </Link>
    </Col>
  </Row>
</Modal>
`;
