// Jest Snapshot v1, https://goo.gl/fbAQLP

exports[`<CreationLForm /> should match its reference snapshot 1`] = `
<Card
  tag="div"
>
  <CardHeader
    className="h1"
    tag="div"
  >
    <strong>
      Ajouter une nouvelle langue
    </strong>
  </CardHeader>
  <CardBody
    tag="div"
  >
    <Form
      action=""
      className="form-horizontal"
      encType="multipart/form-data"
      method="post"
      tag="form"
    >
      <FormGroup
        row={true}
        tag="div"
      >
        <Col
          md="3"
          tag="div"
          widths={
            Array [
              "xs",
              "sm",
              "md",
              "lg",
              "xl",
            ]
          }
        >
          <Label
            htmlFor="langueFr"
            tag="label"
            widths={
              Array [
                "xs",
                "sm",
                "md",
                "lg",
                "xl",
              ]
            }
          >
            Nom de la langue en français
          </Label>
        </Col>
        <Col
          md="9"
          tag="div"
          widths={
            Array [
              "xs",
              "sm",
              "md",
              "lg",
              "xl",
            ]
          }
          xs="12"
        >
          <Input
            id="langueFr"
            name="langue"
            onChange={[Function]}
            placeholder="Anglais"
            type="text"
          />
          <FormText
            color="muted"
            tag="small"
          >
            Par exemple : Anglais
          </FormText>
        </Col>
      </FormGroup>
      <FormGroup
        row={true}
        tag="div"
      >
        <Col
          md="3"
          tag="div"
          widths={
            Array [
              "xs",
              "sm",
              "md",
              "lg",
              "xl",
            ]
          }
        >
          <Label
            htmlFor="langueLoc"
            tag="label"
            widths={
              Array [
                "xs",
                "sm",
                "md",
                "lg",
                "xl",
              ]
            }
          >
            Nom de la langue en local
          </Label>
        </Col>
        <Col
          md="9"
          tag="div"
          widths={
            Array [
              "xs",
              "sm",
              "md",
              "lg",
              "xl",
            ]
          }
          xs="12"
        >
          <Input
            id="langueLoc"
            name="langue"
            onChange={[Function]}
            placeholder="English"
            type="text"
          />
          <FormText
            color="muted"
            tag="small"
          >
            Par exemple : English
          </FormText>
        </Col>
      </FormGroup>
      <FormGroup
        row={true}
        tag="div"
      >
        <Col
          md="3"
          tag="div"
          widths={
            Array [
              "xs",
              "sm",
              "md",
              "lg",
              "xl",
            ]
          }
        >
          <Label
            htmlFor="langueCode"
            tag="label"
            widths={
              Array [
                "xs",
                "sm",
                "md",
                "lg",
                "xl",
              ]
            }
          >
            Code du drapeau
          </Label>
        </Col>
        <Col
          md="9"
          tag="div"
          widths={
            Array [
              "xs",
              "sm",
              "md",
              "lg",
              "xl",
            ]
          }
          xs="12"
        >
          <Input
            id="langueCode"
            name="langue"
            onChange={[Function]}
            placeholder="gb"
            type="text"
          />
          <FormText
            color="muted"
            tag="small"
          >
            Le drapeau résultant : 
            <i
              className="flag-icon flag-icon-undefined"
            />
          </FormText>
        </Col>
      </FormGroup>
      <FormGroup
        row={true}
        tag="div"
      >
        <Col
          md="3"
          tag="div"
          widths={
            Array [
              "xs",
              "sm",
              "md",
              "lg",
              "xl",
            ]
          }
        >
          <Label
            htmlFor="i18nCode"
            tag="label"
            widths={
              Array [
                "xs",
                "sm",
                "md",
                "lg",
                "xl",
              ]
            }
          >
            Code i18n
          </Label>
        </Col>
        <Col
          md="9"
          tag="div"
          widths={
            Array [
              "xs",
              "sm",
              "md",
              "lg",
              "xl",
            ]
          }
          xs="12"
        >
          <Input
            id="i18nCode"
            name="langue"
            onChange={[Function]}
            placeholder="en"
            type="text"
          />
          <FormText
            color="muted"
            tag="small"
          >
            Au format 'en' ou 'en-GB'. Voir 
            <a
              href="http://www.i18nguy.com/unicode/language-identifiers.html"
              rel="noopener noreferrer"
              target="_blank"
            >
              ce site
            </a>
             pour le tableau de correspondance.
          </FormText>
        </Col>
      </FormGroup>
      <FormGroup
        row={true}
        tag="div"
      >
        <Col
          md="3"
          tag="div"
          widths={
            Array [
              "xs",
              "sm",
              "md",
              "lg",
              "xl",
            ]
          }
        >
          <Label
            tag="label"
            widths={
              Array [
                "xs",
                "sm",
                "md",
                "lg",
                "xl",
              ]
            }
          >
            La langue est-elle un dialecte d'une autre langue ?
          </Label>
        </Col>
        <Col
          md="9"
          tag="div"
          widths={
            Array [
              "xs",
              "sm",
              "md",
              "lg",
              "xl",
            ]
          }
        >
          <FormGroup
            check={true}
            className="radio"
            inline={true}
            tag="div"
          >
            <Input
              checked={false}
              className="form-check-input"
              id="langueIsDialect"
              name="langue"
              onChange={[Function]}
              type="radio"
              value={true}
            />
            <Label
              check={true}
              className="form-check-label"
              htmlFor="langueIsDialect"
              tag="label"
              widths={
                Array [
                  "xs",
                  "sm",
                  "md",
                  "lg",
                  "xl",
                ]
              }
            >
              Oui
            </Label>
          </FormGroup>
          <FormGroup
            check={true}
            className="radio"
            inline={true}
            tag="div"
          >
            <Input
              checked={false}
              className="form-check-input"
              id="langueIsDialectB|><"
              name="langue"
              onChange={[Function]}
              type="radio"
              value={false}
            />
            <Label
              check={true}
              className="form-check-label"
              htmlFor="langueIsDialectB|><"
              tag="label"
              widths={
                Array [
                  "xs",
                  "sm",
                  "md",
                  "lg",
                  "xl",
                ]
              }
            >
              Non
            </Label>
          </FormGroup>
        </Col>
      </FormGroup>
      <FormGroup
        row={true}
        tag="div"
      >
        <Col
          md="3"
          tag="div"
          widths={
            Array [
              "xs",
              "sm",
              "md",
              "lg",
              "xl",
            ]
          }
        >
          <Label
            htmlFor="select"
            tag="label"
            widths={
              Array [
                "xs",
                "sm",
                "md",
                "lg",
                "xl",
              ]
            }
          >
            Statut sur notre site
          </Label>
        </Col>
        <Col
          md="9"
          tag="div"
          widths={
            Array [
              "xs",
              "sm",
              "md",
              "lg",
              "xl",
            ]
          }
          xs="12"
        >
          <Input
            id="statusB|><"
            name="langue"
            onChange={[Function]}
            type="select"
          >
            <option
              key="Active"
              value="Active"
            >
              Active
            </option>
            <option
              key="En attente"
              value="En attente"
            >
              En attente
            </option>
            <option
              key="Inactive"
              value="Inactive"
            >
              Inactive
            </option>
            <option
              key="Annulée"
              value="Annulée"
            >
              Annulée
            </option>
          </Input>
        </Col>
      </FormGroup>
    </Form>
  </CardBody>
  <CardFooter
    tag="div"
  >
    <Row
      tag="div"
    >
      <Col
        tag="div"
        widths={
          Array [
            "xs",
            "sm",
            "md",
            "lg",
            "xl",
          ]
        }
      >
        <Button
          block={true}
          color="success"
          onClick={[Function]}
          size="lg"
          tag="button"
        >
          Valider
        </Button>
      </Col>
      <Col
        tag="div"
        widths={
          Array [
            "xs",
            "sm",
            "md",
            "lg",
            "xl",
          ]
        }
      >
        <Button
          block={true}
          color="danger"
          onClick={[Function]}
          size="lg"
          tag="button"
        >
          Annuler
        </Button>
      </Col>
    </Row>
  </CardFooter>
</Card>
`;
