// Jest Snapshot v1, https://goo.gl/fbAQLP

exports[`renders correctly 1`] = `
<View>
  <Text
    style={
      Array [
        Object {
          "color": "#000",
        },
        Array [
          undefined,
        ],
      ]
    }
  >
    Snapshot test!
  </Text>
  <Text
    style={
      Array [
        Object {
          "color": "#000",
        },
        Array [
          undefined,
          Object {
            "fontFamily": "circular",
          },
        ],
      ]
    }
  >
    Snapshot test!
  </Text>
</View>
`;
